
> smart-finance-dashboard@1.0.0 build
> next build

▲ Next.js 16.1.6 (Turbopack)
- Environments: .env

⚠ The "middleware" file convention is deprecated. Please use "proxy" instead. Learn more: https://nextjs.org/docs/messages/middleware-to-proxy
  Creating an optimized production build ...
✓ Compiled successfully in 872.4ms
  Running TypeScript ...
  Collecting page data using 31 workers ...
  Generating static pages using 31 workers (0/13) ...
  Generating static pages using 31 workers (3/13) 
  Generating static pages using 31 workers (6/13) 
  Generating static pages using 31 workers (9/13) 
✓ Generating static pages using 31 workers (13/13) in 256.9ms
  Finalizing page optimization ...

Route (app)
┌ ƒ /
├ ○ /_not-found
├ ƒ /alerts
├ ƒ /api/auth/[...nextauth]
├ ƒ /api/auth/signup
├ ƒ /api/budgets
├ ƒ /api/transactions/[transactionId]/category
├ ƒ /api/uploads/csv
├ ƒ /budgets
├ ƒ /dashboard
├ ○ /sign-in
├ ○ /sign-up
├ ƒ /transactions
└ ƒ /upload


ƒ Proxy (Middleware)

○  (Static)   prerendered as static content
ƒ  (Dynamic)  server-rendered on demand

