
> smart-finance-dashboard@1.0.0 test
> vitest run


[1m[46m RUN [49m[22m [36mv4.0.18 [39m[90m/home/arcnomad/Desktop/Project[39m

 [32m✓[39m lib/budget-tracking.test.ts [2m([22m[2m2 tests[22m[2m)[22m[32m 2[2mms[22m[39m
 [32m✓[39m lib/detection.test.ts [2m([22m[2m4 tests[22m[2m)[22m[32m 3[2mms[22m[39m
 [32m✓[39m lib/csv-upload.test.ts [2m([22m[2m4 tests[22m[2m)[22m[32m 3[2mms[22m[39m
 [32m✓[39m lib/dashboard-analytics.test.ts [2m([22m[2m1 test[22m[2m)[22m[32m 11[2mms[22m[39m
 [32m✓[39m lib/alerts-engine.test.ts [2m([22m[2m1 test[22m[2m)[22m[32m 11[2mms[22m[39m

[2m Test Files [22m [1m[32m5 passed[39m[22m[90m (5)[39m
[2m      Tests [22m [1m[32m12 passed[39m[22m[90m (12)[39m
[2m   Start at [22m 00:32:20
[2m   Duration [22m 129ms[2m (transform 139ms, setup 0ms, import 219ms, tests 29ms, environment 0ms)[22m

